// Jest Snapshot v1, https://goo.gl/fbAQLP

exports[`GifItem testing Evaluate Snapshot\` 1`] = `
<div>
  <div
    class="card"
  >
    <img
      alt="One Piece"
      src="https://one-piece.com/onepunch.jpg"
    />
    <p>
      One Piece
    </p>
  </div>
</div>
`;
